

Chiusura programma


Chiusura programma


Chiusura programma


Chiusura programma


Chiusura programma


Chiusura programma


Chiusura programma


Chiusura programma


Chiusura programma


Chiusura programma


Chiusura programma


Chiusura programma


Chiusura programma


Chiusura programma


Chiusura programma


Chiusura programma


Chiusura programma


Chiusura programma


Chiusura programma


Chiusura programma


Chiusura programma


Chiusura programma


Chiusura programma


Chiusura programma


Chiusura programma


Chiusura programma


Chiusura programma


Chiusura programma


Chiusura programma


Chiusura programma


Chiusura programma


Chiusura programma


Chiusura programma


Chiusura programma


Chiusura programma


Chiusura programma


Chiusura programma


Chiusura programma


Chiusura programma


Chiusura programma


Chiusura programma


Chiusura programma


Chiusura programma


Chiusura programma


Chiusura programma


Chiusura programma


Chiusura programma


Chiusura programma


Chiusura programma


Chiusura programma


Chiusura programma


Chiusura programma


Chiusura programma


Chiusura programma


Chiusura programma


Chiusura programma


Chiusura programma


Chiusura programma


Chiusura programma


Chiusura programma


Chiusura programma


Chiusura programma


Chiusura programma


Chiusura programma


Chiusura programma


Chiusura programma


Chiusura programma


Chiusura programma


Chiusura programma


Chiusura programma


Chiusura programma


Chiusura programma


Chiusura programma


Chiusura programma


Chiusura programma


Chiusura programma


Chiusura programma


Chiusura programma


Chiusura programma


Chiusura programma


Chiusura programma


Chiusura programma


Chiusura programma


Chiusura programma


Chiusura programma


Chiusura programma


Chiusura programma


Chiusura programma


Chiusura programma


Chiusura programma


Chiusura programma


Chiusura programma


Chiusura programma


Chiusura programma


Chiusura programma


Chiusura programma


Chiusura programma


Chiusura programma


Chiusura programma


Chiusura programma


Chiusura programma


Chiusura programma


Chiusura programma


Chiusura programma


Chiusura programma


Chiusura programma


Chiusura programma


Chiusura programma


Chiusura programma


Chiusura programma


Chiusura programma


Chiusura programma


Chiusura programma


Chiusura programma


Chiusura programma


Chiusura programma


Chiusura programma


Chiusura programma


Chiusura programma


Chiusura programma


Chiusura programma


Chiusura programma


Chiusura programma


Chiusura programma


Chiusura programma


Chiusura programma


Chiusura programma


Chiusura programma


Chiusura programma


Chiusura programma


Chiusura programma


Chiusura programma


Chiusura programma


Chiusura programma


Chiusura programma


Chiusura programma


Chiusura programma


Chiusura programma


Chiusura programma


Chiusura programma


Chiusura programma


Chiusura programma


Chiusura programma


Chiusura programma


Chiusura programma


Chiusura programma


Chiusura programma


Chiusura programma


Chiusura programma


Chiusura programma


Chiusura programma


Chiusura programma


Chiusura programma


Chiusura programma


Chiusura programma


Chiusura programma


Chiusura programma


Chiusura programma


Chiusura programma


Chiusura programma


Chiusura programma


Chiusura programma


Chiusura programma


Chiusura programma


Chiusura programma


Chiusura programma


Chiusura programma


Chiusura programma


Chiusura programma


Chiusura programma


Chiusura programma


Chiusura programma


Chiusura programma


Chiusura programma


Chiusura programma


Chiusura programma


Chiusura programma


Chiusura programma


Chiusura programma


Chiusura programma


Chiusura programma


Chiusura programma


Chiusura programma


Chiusura programma


Chiusura programma
